
> @village-siege/client@1.2.0 build
> tsc -p tsconfig.json && vite build --base=/village-siege/

vite v8.1.5 building client environment for production...
[2K
<script src="/village-siege/startup.js"> in "/index.html" can't be bundled without type="module" attribute
<script src="/village-siege/runtime-config.js"> in "/index.html" can't be bundled without type="module" attribute

/village-siege/startup.css doesn't exist at build time, it will remain unchanged to be resolved at runtime
transforming...✓ 112 modules transformed.
rendering chunks...
computing gzip size...
dist/index.html                               3.39 kB │ gzip:   1.42 kB
dist/assets/index-k2OXU4DG.css               49.79 kB │ gzip:  10.63 kB
dist/assets/rolldown-runtime-B-9mzPXz.js      0.65 kB │ gzip:   0.40 kB
dist/assets/network-CD8nIwhX.js             104.89 kB │ gzip:  33.57 kB
dist/assets/index-BH8sAHob.js               625.08 kB │ gzip: 179.27 kB
dist/assets/phaser-rZ1QYEJ0.js            1,375.89 kB │ gzip: 358.02 kB

✓ built in 795ms
[plugin builtin:vite-reporter] 
(!) Some chunks are larger than 500 kB after minification. Consider:
- Using dynamic import() to code-split the application
- Use build.rolldownOptions.output.codeSplitting to improve chunking: https://rolldown.rs/reference/OutputOptions.codeSplitting
- Adjust chunk size limit for this warning via build.chunkSizeWarningLimit.
PWA: prepared 54 runtime files for offline play.
