
> @village-siege/client@1.3.0 build
> tsc -p tsconfig.json && vite build --base=/village-siege/

vite v8.1.5 building client environment for production...
[2K
<script src="/village-siege/startup.js"> in "/index.html" can't be bundled without type="module" attribute
<script src="/village-siege/runtime-config.js"> in "/index.html" can't be bundled without type="module" attribute

/village-siege/startup.css doesn't exist at build time, it will remain unchanged to be resolved at runtime
transforming...✓ 115 modules transformed.
rendering chunks...
computing gzip size...
dist/index.html                               3.39 kB │ gzip:   1.42 kB
dist/assets/index-CgEJ3nES.css               54.43 kB │ gzip:  11.36 kB
dist/assets/rolldown-runtime-B-9mzPXz.js      0.65 kB │ gzip:   0.40 kB
dist/assets/network-CD8nIwhX.js             104.89 kB │ gzip:  33.57 kB
dist/assets/index-DWSr5Gmb.js               630.40 kB │ gzip: 180.96 kB
dist/assets/phaser-rZ1QYEJ0.js            1,375.89 kB │ gzip: 358.02 kB

✓ built in 899ms
[plugin builtin:vite-reporter] 
(!) Some chunks are larger than 500 kB after minification. Consider:
- Using dynamic import() to code-split the application
- Use build.rolldownOptions.output.codeSplitting to improve chunking: https://rolldown.rs/reference/OutputOptions.codeSplitting
- Adjust chunk size limit for this warning via build.chunkSizeWarningLimit.
PWA: prepared 54 runtime files for offline play.
